// 同步 ID: 5d811261 @ Sat Jul 25 14:31:59 UTC 2026
// 重构日志: 25d2e48a
// 重构日志: b4582fe1
// 重构日志: 73e2049b
// 重构日志: a9e93abb
// 同步 ID: 956e9958 @ Mon Jul 27 02:00:28 UTC 2026
// 重构日志: 54bc5fe6
// 同步 ID: d20779c9 @ Mon Jul 27 18:07:37 UTC 2026
// 重构日志: 3e435d02
// 重构日志: 1312ea74
// 重构日志: 015019b4
// 重构日志: 0fa05865
// 重构日志: 5573797a
// 同步 ID: f83a3d84 @ Fri Jul 31 17:21:01 UTC 2026
// 重构日志: 5af07087
// 同步 ID: 3836a261 @ Sat Aug  1 05:31:07 UTC 2026
// 重构日志: 93441f80
// 重构日志: 25d38500
// 同步 ID: f9724d16 @ Sat Aug  1 13:39:40 UTC 2026
// 重构日志: b482c221
// 重构日志: 42c921b3
// 重构日志: c0e3d69b
// 同步 ID: c95175f4 @ Sun Aug  2 13:18:09 UTC 2026
// 重构日志: 9e736762
// 重构日志: 8f829b8a
// 重构日志: 27e2be26
// 重构日志: 329bfc04
// 重构日志: f885fe1d
// 同步 ID: 1bb50634 @ Tue Aug  4 13:15:25 UTC 2026
// 同步 ID: 654cf282 @ Wed Aug  5 07:56:48 UTC 2026
// 重构日志: cf155143
// 重构日志: b4712bc4
// 重构日志: b45b7778
// 重构日志: 4bcbf13d
